{
  "title": "Implement a handler"
}

{
  "id": 1
}

{
  "titke": "Implement a handler"
}

{
  "message": "Key: 'Title' Error:Field validation for 'Title' failed on the 'required' tag"
}